[{"stream_name":"stdout","time":14.206264607,"data":"     ━━━━━━━━━━━━━━━━━━━━━━━━━━━━━━━━━━━━━━━ 780.4/780.4 MB 1.9 MB/s eta 0:00:00\n"}
,{"stream_name":"stdout","time":17.118633789,"data":"     ━━━━━━━━━━━━━━━━━━━━━━━━━━━━━━━━━━━━━━━━ 7.3/7.3 MB 89.1 MB/s eta 0:00:00\n"}
,{"stream_name":"stdout","time":17.561919885000002,"data":"     ━━━━━━━━━━━━━━━━━━━━━━━━━━━━━━━━━━━━━━━ 23.7/23.7 MB 187.6 MB/s eta 0:00:00\n"}
,{"stream_name":"stdout","time":17.801682756,"data":"     ━━━━━━━━━━━━━━━━━━━━━━━━━━━━━━━━━━━━━ 823.6/823.6 kB 184.4 MB/s eta 0:00:00\n"}
,{"stream_name":"stdout","time":18.042769635,"data":"     ━━━━━━━━━━━━━━━━━━━━━━━━━━━━━━━━━━━━━━━ 14.1/14.1 MB 170.0 MB/s eta 0:00:00\n"}
,{"stream_name":"stdout","time":27.204473175,"data":"     ━━━━━━━━━━━━━━━━━━━━━━━━━━━━━━━━━━━━━━━ 664.8/664.8 MB 2.3 MB/s eta 0:00:00\n"}
,{"stream_name":"stdout","time":32.530217919,"data":"     ━━━━━━━━━━━━━━━━━━━━━━━━━━━━━━━━━━━━━━ 410.6/410.6 MB 60.7 MB/s eta 0:00:00\n"}
,{"stream_name":"stdout","time":35.23801233,"data":"     ━━━━━━━━━━━━━━━━━━━━━━━━━━━━━━━━━━━━━ 121.6/121.6 MB 121.4 MB/s eta 0:00:00\n"}
,{"stream_name":"stdout","time":36.184323271,"data":"     ━━━━━━━━━━━━━━━━━━━━━━━━━━━━━━━━━━━━━━━ 56.5/56.5 MB 110.8 MB/s eta 0:00:00\n"}
,{"stream_name":"stdout","time":37.282257733,"data":"     ━━━━━━━━━━━━━━━━━━━━━━━━━━━━━━━━━━━━━━ 124.2/124.2 MB 84.4 MB/s eta 0:00:00\n"}
,{"stream_name":"stdout","time":38.923568682,"data":"     ━━━━━━━━━━━━━━━━━━━━━━━━━━━━━━━━━━━━━ 196.0/196.0 MB 113.7 MB/s eta 0:00:00\n"}
,{"stream_name":"stdout","time":41.745570329,"data":"     ━━━━━━━━━━━━━━━━━━━━━━━━━━━━━━━━━━━━━━ 188.7/188.7 MB 87.8 MB/s eta 0:00:00\n"}
,{"stream_name":"stdout","time":42.487265434,"data":"     ━━━━━━━━━━━━━━━━━━━━━━━━━━━━━━━━━━━━━━━━ 99.1/99.1 kB 93.7 MB/s eta 0:00:00\n"}
,{"stream_name":"stdout","time":45.609292421,"data":"     ━━━━━━━━━━━━━━━━━━━━━━━━━━━━━━━━━━━━━━━ 209.6/209.6 MB 6.2 MB/s eta 0:00:00\n"}
,{"stream_name":"stdout","time":46.685855901,"data":"   ━━━━━━━━━━━━━━━━━━━━━━━━━━━━━━━━━━━━━━━━ 6.2/6.2 MB 48.0 MB/s eta 0:00:00\n"}
,{"stream_name":"stderr","time":176.218771932,"data":"ERROR: pip's dependency resolver does not currently take into account all the packages that are installed. This behaviour is the source of the following dependency conflicts.\n"}
,{"stream_name":"stderr","time":176.218829588,"data":"torchaudio 2.10.0+cu128 requires torch==2.10.0, but you have torch 2.5.1+cu121 which is incompatible.\n"}
,{"stream_name":"stdout","time":180.056369663,"data":"     ━━━━━━━━━━━━━━━━━━━━━━━━━━━━━━━━━━━━━━━━ 44.0/44.0 kB 1.4 MB/s eta 0:00:00\n"}
,{"stream_name":"stdout","time":181.01534146,"data":"   ━━━━━━━━━━━━━━━━━━━━━━━━━━━━━━━━━━━━━━━━ 12.0/12.0 MB 80.6 MB/s eta 0:00:00\n"}
,{"stream_name":"stdout","time":181.052748558,"data":"   ━━━━━━━━━━━━━━━━━━━━━━━━━━━━━━━━━━━━━━━━ 566.4/566.4 kB 31.8 MB/s eta 0:00:00\n"}
,{"stream_name":"stdout","time":228.8597805,"data":"{\n"}
,{"stream_name":"stdout","time":228.859838992,"data":"  \"device\": \"cuda\",\n"}
,{"stream_name":"stdout","time":228.85984431,"data":"  \"hold_users\": [\n"}
,{"stream_name":"stdout","time":228.859848316,"data":"    \"user17\",\n"}
,{"stream_name":"stdout","time":228.859851879,"data":"    \"user22\",\n"}
,{"stream_name":"stdout","time":228.859855297,"data":"    \"user4\",\n"}
,{"stream_name":"stdout","time":228.859858676,"data":"    \"user6\"\n"}
,{"stream_name":"stdout","time":228.859862136,"data":"  ],\n"}
,{"stream_name":"stdout","time":228.859865515,"data":"  \"actions\": 40,\n"}
,{"stream_name":"stdout","time":228.859869064,"data":"  \"train_items\": 2772,\n"}
,{"stream_name":"stdout","time":228.859872567,"data":"  \"valid_segments\": 692,\n"}
,{"stream_name":"stdout","time":228.859876179,"data":"  \"background_items\": 537\n"}
,{"stream_name":"stdout","time":228.85987969,"data":"}\n"}
,{"stream_name":"stderr","time":235.111783485,"data":"Some weights of VideoMAEForVideoClassification were not initialized from the model checkpoint at MCG-NJU/videomae-base-finetuned-kinetics and are newly initialized because the shapes did not match:\n"}
,{"stream_name":"stderr","time":235.111835637,"data":"- classifier.bias: found shape torch.Size([400]) in the checkpoint and torch.Size([41]) in the model instantiated\n"}
,{"stream_name":"stderr","time":235.111845605,"data":"- classifier.weight: found shape torch.Size([400, 768]) in the checkpoint and torch.Size([41, 768]) in the model instantiated\n"}
,{"stream_name":"stderr","time":235.111856171,"data":"You should probably TRAIN this model on a down-stream task to be able to use it for predictions and inference.\n"}
,{"stream_name":"stderr","time":235.2439328,"data":"/kaggle/src/script.py:283: FutureWarning: `torch.cuda.amp.GradScaler(args...)` is deprecated. Please use `torch.amp.GradScaler('cuda', args...)` instead.\n"}
,{"stream_name":"stderr","time":235.243974546,"data":"  scaler = torch.cuda.amp.GradScaler(enabled=DEVICE.type == \"cuda\")\n"}
,{"stream_name":"stderr","time":235.669387555,"data":"/kaggle/src/script.py:305: FutureWarning: `torch.cuda.amp.autocast(args...)` is deprecated. Please use `torch.amp.autocast('cuda', args...)` instead.\n"}
,{"stream_name":"stderr","time":235.669428852,"data":"  with torch.cuda.amp.autocast(enabled=DEVICE.type == \"cuda\", dtype=torch.float16):\n"}
,{"stream_name":"stdout","time":262.567180728,"data":"epoch=0 batch=50/1386 step=6 loss=3.7446\n"}
,{"stream_name":"stdout","time":287.695005581,"data":"epoch=0 batch=100/1386 step=12 loss=3.6677\n"}
,{"stream_name":"stdout","time":312.787103404,"data":"epoch=0 batch=150/1386 step=18 loss=3.6109\n"}
,{"stream_name":"stdout","time":337.882999884,"data":"epoch=0 batch=200/1386 step=25 loss=3.5994\n"}
,{"stream_name":"stdout","time":363.192361848,"data":"epoch=0 batch=250/1386 step=31 loss=3.4587\n"}
,{"stream_name":"stdout","time":387.890552033,"data":"epoch=0 batch=300/1386 step=37 loss=3.3660\n"}
,{"stream_name":"stdout","time":412.989293969,"data":"epoch=0 batch=350/1386 step=43 loss=3.3765\n"}
,{"stream_name":"stdout","time":437.5390869,"data":"epoch=0 batch=400/1386 step=50 loss=3.2510\n"}
,{"stream_name":"stdout","time":463.455324037,"data":"epoch=0 batch=450/1386 step=56 loss=3.3449\n"}
,{"stream_name":"stdout","time":488.444866682,"data":"epoch=0 batch=500/1386 step=62 loss=3.3448\n"}
,{"stream_name":"stdout","time":512.766246097,"data":"epoch=0 batch=550/1386 step=68 loss=3.2288\n"}
,{"stream_name":"stdout","time":537.598402434,"data":"epoch=0 batch=600/1386 step=75 loss=3.1646\n"}
,{"stream_name":"stdout","time":561.964060924,"data":"epoch=0 batch=650/1386 step=81 loss=3.0055\n"}
,{"stream_name":"stdout","time":586.318093896,"data":"epoch=0 batch=700/1386 step=87 loss=2.9164\n"}
,{"stream_name":"stdout","time":610.74680735,"data":"epoch=0 batch=750/1386 step=93 loss=2.8759\n"}
,{"stream_name":"stdout","time":635.342678502,"data":"epoch=0 batch=800/1386 step=100 loss=3.0288\n"}
,{"stream_name":"stdout","time":659.408663981,"data":"epoch=0 batch=850/1386 step=106 loss=2.9199\n"}
,{"stream_name":"stdout","time":683.591160857,"data":"epoch=0 batch=900/1386 step=112 loss=2.6693\n"}
,{"stream_name":"stdout","time":708.07774672,"data":"epoch=0 batch=950/1386 step=118 loss=2.6771\n"}
,{"stream_name":"stdout","time":732.439592737,"data":"epoch=0 batch=1000/1386 step=125 loss=2.6815\n"}
,{"stream_name":"stdout","time":756.740538882,"data":"epoch=0 batch=1050/1386 step=131 loss=2.7981\n"}
,{"stream_name":"stdout","time":781.026068083,"data":"epoch=0 batch=1100/1386 step=137 loss=2.7299\n"}
,{"stream_name":"stdout","time":804.642032403,"data":"epoch=0 batch=1150/1386 step=143 loss=2.6226\n"}
,{"stream_name":"stdout","time":828.037477809,"data":"epoch=0 batch=1200/1386 step=150 loss=2.4576\n"}
,{"stream_name":"stdout","time":851.444097306,"data":"epoch=0 batch=1250/1386 step=156 loss=2.4105\n"}
,{"stream_name":"stdout","time":874.521453321,"data":"epoch=0 batch=1300/1386 step=162 loss=2.5296\n"}
,{"stream_name":"stdout","time":897.528152352,"data":"epoch=0 batch=1350/1386 step=168 loss=2.3648\n"}
,{"stream_name":"stdout","time":937.277886681,"data":"epoch=1 batch=50/1386 step=180 loss=2.2353\n"}
,{"stream_name":"stdout","time":960.138097516,"data":"epoch=1 batch=100/1386 step=186 loss=2.1078\n"}
,{"stream_name":"stdout","time":982.911007133,"data":"epoch=1 batch=150/1386 step=192 loss=2.2992\n"}
,{"stream_name":"stdout","time":1005.35144373,"data":"epoch=1 batch=200/1386 step=199 loss=2.1232\n"}
,{"stream_name":"stdout","time":1027.843915135,"data":"epoch=1 batch=250/1386 step=205 loss=2.1721\n"}
,{"stream_name":"stdout","time":1050.359029895,"data":"epoch=1 batch=300/1386 step=211 loss=2.1369\n"}
,{"stream_name":"stdout","time":1073.005051567,"data":"epoch=1 batch=350/1386 step=217 loss=2.0402\n"}
,{"stream_name":"stdout","time":1095.61397728,"data":"epoch=1 batch=400/1386 step=224 loss=2.1588\n"}
,{"stream_name":"stdout","time":1118.190306352,"data":"epoch=1 batch=450/1386 step=230 loss=1.9078\n"}
,{"stream_name":"stdout","time":1140.927488326,"data":"epoch=1 batch=500/1386 step=236 loss=2.0412\n"}
,{"stream_name":"stdout","time":1163.536561681,"data":"epoch=1 batch=550/1386 step=242 loss=2.0063\n"}
,{"stream_name":"stdout","time":1185.970827281,"data":"epoch=1 batch=600/1386 step=249 loss=2.0427\n"}
,{"stream_name":"stdout","time":1208.575494038,"data":"epoch=1 batch=650/1386 step=255 loss=1.9427\n"}
,{"stream_name":"stdout","time":1231.05288403,"data":"epoch=1 batch=700/1386 step=261 loss=2.0429\n"}
,{"stream_name":"stdout","time":1253.657929766,"data":"epoch=1 batch=750/1386 step=267 loss=2.0903\n"}
,{"stream_name":"stdout","time":1276.093047338,"data":"epoch=1 batch=800/1386 step=274 loss=1.8861\n"}
,{"stream_name":"stdout","time":1298.667601065,"data":"epoch=1 batch=850/1386 step=280 loss=1.9265\n"}
,{"stream_name":"stdout","time":1321.02575733,"data":"epoch=1 batch=900/1386 step=286 loss=2.0916\n"}
,{"stream_name":"stdout","time":1343.576260181,"data":"epoch=1 batch=950/1386 step=292 loss=1.8295\n"}
,{"stream_name":"stdout","time":1366.220188718,"data":"epoch=1 batch=1000/1386 step=299 loss=1.8878\n"}
,{"stream_name":"stdout","time":1388.71463832,"data":"epoch=1 batch=1050/1386 step=305 loss=1.8581\n"}
,{"stream_name":"stdout","time":1411.12019592,"data":"epoch=1 batch=1100/1386 step=311 loss=1.9550\n"}
,{"stream_name":"stdout","time":1433.775813613,"data":"epoch=1 batch=1150/1386 step=317 loss=1.7331\n"}
,{"stream_name":"stdout","time":1456.170511692,"data":"epoch=1 batch=1200/1386 step=324 loss=1.7601\n"}
,{"stream_name":"stdout","time":1478.249979675,"data":"epoch=1 batch=1250/1386 step=330 loss=1.7492\n"}
,{"stream_name":"stdout","time":1500.797199087,"data":"epoch=1 batch=1300/1386 step=336 loss=1.7467\n"}
,{"stream_name":"stdout","time":1523.338454803,"data":"epoch=1 batch=1350/1386 step=342 loss=1.6114\n"}
,{"stream_name":"stdout","time":1561.552750496,"data":"epoch=2 batch=50/1386 step=354 loss=1.6955\n"}
,{"stream_name":"stdout","time":1583.794744742,"data":"epoch=2 batch=100/1386 step=360 loss=1.5615\n"}
,{"stream_name":"stdout","time":1606.110069787,"data":"epoch=2 batch=150/1386 step=366 loss=1.4806\n"}
,{"stream_name":"stdout","time":1628.390282769,"data":"epoch=2 batch=200/1386 step=373 loss=1.5620\n"}
,{"stream_name":"stdout","time":1650.768157373,"data":"epoch=2 batch=250/1386 step=379 loss=1.5202\n"}
,{"stream_name":"stdout","time":1673.688929829,"data":"epoch=2 batch=300/1386 step=385 loss=1.4436\n"}
,{"stream_name":"stdout","time":1696.365363031,"data":"epoch=2 batch=350/1386 step=391 loss=1.5775\n"}
,{"stream_name":"stdout","time":1718.892912271,"data":"epoch=2 batch=400/1386 step=398 loss=1.6562\n"}
,{"stream_name":"stdout","time":1741.777137375,"data":"epoch=2 batch=450/1386 step=404 loss=1.5488\n"}
,{"stream_name":"stdout","time":1764.310528565,"data":"epoch=2 batch=500/1386 step=410 loss=1.5673\n"}
,{"stream_name":"stdout","time":1786.640988813,"data":"epoch=2 batch=550/1386 step=416 loss=1.5661\n"}
,{"stream_name":"stdout","time":1808.712839844,"data":"epoch=2 batch=600/1386 step=423 loss=1.5606\n"}
,{"stream_name":"stdout","time":1831.010948033,"data":"epoch=2 batch=650/1386 step=429 loss=1.5189\n"}
,{"stream_name":"stdout","time":1853.121270006,"data":"epoch=2 batch=700/1386 step=435 loss=1.6890\n"}
,{"stream_name":"stdout","time":1875.151854527,"data":"epoch=2 batch=750/1386 step=441 loss=1.7417\n"}
,{"stream_name":"stdout","time":1897.476161469,"data":"epoch=2 batch=800/1386 step=448 loss=1.6382\n"}
,{"stream_name":"stdout","time":1919.732877187,"data":"epoch=2 batch=850/1386 step=454 loss=1.3649\n"}
,{"stream_name":"stdout","time":1942.999151062,"data":"epoch=2 batch=900/1386 step=460 loss=1.3200\n"}
,{"stream_name":"stdout","time":1966.974503161,"data":"epoch=2 batch=950/1386 step=466 loss=1.4767\n"}
,{"stream_name":"stdout","time":1990.994209579,"data":"epoch=2 batch=1000/1386 step=473 loss=1.4143\n"}
,{"stream_name":"stdout","time":2014.966780733,"data":"epoch=2 batch=1050/1386 step=479 loss=1.5002\n"}
,{"stream_name":"stdout","time":2039.286217104,"data":"epoch=2 batch=1100/1386 step=485 loss=1.5910\n"}
,{"stream_name":"stdout","time":2063.368070408,"data":"epoch=2 batch=1150/1386 step=491 loss=1.3400\n"}
,{"stream_name":"stdout","time":2087.629799947,"data":"epoch=2 batch=1200/1386 step=498 loss=1.4138\n"}
,{"stream_name":"stdout","time":2111.515035997,"data":"epoch=2 batch=1250/1386 step=504 loss=1.3473\n"}
,{"stream_name":"stdout","time":2135.650327091,"data":"epoch=2 batch=1300/1386 step=510 loss=1.4642\n"}
,{"stream_name":"stdout","time":2159.790510945,"data":"epoch=2 batch=1350/1386 step=516 loss=1.4905\n"}
,{"stream_name":"stderr","time":2177.533127586,"data":"/kaggle/src/script.py:331: FutureWarning: `torch.cuda.amp.autocast(args...)` is deprecated. Please use `torch.amp.autocast('cuda', args...)` instead.\n"}
,{"stream_name":"stderr","time":2177.533173866,"data":"  with torch.cuda.amp.autocast(enabled=DEVICE.type == \"cuda\", dtype=torch.float16):\n"}
,{"stream_name":"stdout","time":2340.116445431,"data":"held-segment accuracy=0.5217 n=692\n"}
,{"stream_name":"stdout","time":2340.155139663,"data":"held-HARn MC accuracy=0.9540 n=87\n"}
,{"stream_name":"stderr","time":2340.366814263,"data":"/kaggle/src/script.py:414: FutureWarning: `torch.cuda.amp.autocast(args...)` is deprecated. Please use `torch.amp.autocast('cuda', args...)` instead.\n"}
,{"stream_name":"stderr","time":2340.366854805,"data":"  with torch.cuda.amp.autocast(enabled=DEVICE.type == \"cuda\", dtype=torch.float16):\n"}
,{"stream_name":"stdout","time":2344.547875988,"data":"timeline 1 path=HAU/user4/3-2-1\n"}
,{"stream_name":"stdout","time":2349.03534841,"data":"timeline 2 path=HAU/user4/3-2-2\n"}
,{"stream_name":"stdout","time":2354.075040443,"data":"timeline 3 path=HAU/user4/3-2-3\n"}
,{"stream_name":"stdout","time":2358.960424227,"data":"timeline 4 path=HAU/user4/5-2-1\n"}
,{"stream_name":"stdout","time":2363.789228792,"data":"timeline 5 path=HAU/user4/5-2-2\n"}
,{"stream_name":"stdout","time":2368.723109027,"data":"timeline 6 path=HAU/user4/5-2-3\n"}
,{"stream_name":"stdout","time":2373.136897137,"data":"timeline 7 path=HAU/user4/6-1-1\n"}
,{"stream_name":"stdout","time":2377.477732212,"data":"timeline 8 path=HAU/user4/6-1-2\n"}
,{"stream_name":"stdout","time":2381.836380276,"data":"timeline 9 path=HAU/user4/6-1-3\n"}
,{"stream_name":"stdout","time":2386.188785164,"data":"timeline 10 path=HAU/user4/7-2-1\n"}
,{"stream_name":"stdout","time":2390.459107178,"data":"timeline 11 path=HAU/user4/7-2-2\n"}
,{"stream_name":"stdout","time":2395.474267209,"data":"timeline 12 path=HAU/user4/7-2-3\n"}
,{"stream_name":"stdout","time":2400.377223517,"data":"timeline 13 path=HAU/user6/3-1-1\n"}
,{"stream_name":"stdout","time":2404.835628705,"data":"timeline 14 path=HAU/user6/3-1-2\n"}
,{"stream_name":"stdout","time":2409.194307915,"data":"timeline 15 path=HAU/user6/3-1-3\n"}
,{"stream_name":"stdout","time":2413.690426481,"data":"timeline 16 path=HAU/user6/4-1-1\n"}
,{"stream_name":"stdout","time":2418.4470768,"data":"timeline 17 path=HAU/user6/4-1-2\n"}
,{"stream_name":"stdout","time":2422.698679699,"data":"timeline 18 path=HAU/user6/4-1-3\n"}
,{"stream_name":"stdout","time":2427.115941677,"data":"timeline 19 path=HAU/user6/5-3-1\n"}
,{"stream_name":"stdout","time":2431.503267975,"data":"timeline 20 path=HAU/user6/5-3-2\n"}
,{"stream_name":"stdout","time":2435.919998712,"data":"timeline 21 path=HAU/user6/5-3-3\n"}
,{"stream_name":"stdout","time":2440.6374876,"data":"timeline 22 path=HAU/user6/6-2-1\n"}
,{"stream_name":"stdout","time":2445.336517077,"data":"timeline 23 path=HAU/user6/6-2-2\n"}
,{"stream_name":"stdout","time":2449.975003495,"data":"timeline 24 path=HAU/user6/6-2-3\n"}
,{"stream_name":"stdout","time":2454.144147491,"data":"timeline 25 path=HAU/user6/7-3-1\n"}
,{"stream_name":"stdout","time":2458.27544207,"data":"timeline 26 path=HAU/user6/7-3-2\n"}
,{"stream_name":"stdout","time":2462.35325582,"data":"timeline 27 path=HAU/user6/7-3-3\n"}
,{"stream_name":"stdout","time":2466.844963545,"data":"timeline 28 path=HAU/user17/1-1-1\n"}
,{"stream_name":"stdout","time":2471.383821137,"data":"timeline 29 path=HAU/user17/1-1-2\n"}
,{"stream_name":"stdout","time":2475.918949629,"data":"timeline 30 path=HAU/user17/1-1-3\n"}
,{"stream_name":"stdout","time":2480.076007551,"data":"timeline 31 path=HAU/user17/1-2-1\n"}
,{"stream_name":"stdout","time":2484.308537294,"data":"timeline 32 path=HAU/user17/1-2-2\n"}
,{"stream_name":"stdout","time":2488.505324603,"data":"timeline 33 path=HAU/user17/1-2-3\n"}
,{"stream_name":"stdout","time":2492.743963433,"data":"timeline 34 path=HAU/user17/2-2-1\n"}
,{"stream_name":"stdout","time":2497.012381058,"data":"timeline 35 path=HAU/user17/2-2-2\n"}
,{"stream_name":"stdout","time":2501.344757407,"data":"timeline 36 path=HAU/user17/2-2-3\n"}
,{"stream_name":"stdout","time":2505.712985448,"data":"timeline 37 path=HAU/user17/3-1-1\n"}
,{"stream_name":"stdout","time":2510.148204718,"data":"timeline 38 path=HAU/user17/3-1-2\n"}
,{"stream_name":"stdout","time":2514.653262917,"data":"timeline 39 path=HAU/user17/3-1-3\n"}
,{"stream_name":"stdout","time":2518.836608787,"data":"timeline 40 path=HAU/user17/4-1-1\n"}
,{"stream_name":"stdout","time":2523.037557957,"data":"timeline 41 path=HAU/user17/4-1-2\n"}
,{"stream_name":"stdout","time":2527.169545421,"data":"timeline 42 path=HAU/user17/4-1-3\n"}
,{"stream_name":"stdout","time":2531.424466049,"data":"timeline 43 path=HAU/user17/6-1-1\n"}
,{"stream_name":"stdout","time":2535.638415589,"data":"timeline 44 path=HAU/user17/6-1-2\n"}
,{"stream_name":"stdout","time":2539.847488986,"data":"timeline 45 path=HAU/user17/6-1-3\n"}
,{"stream_name":"stdout","time":2544.095704334,"data":"timeline 46 path=HAU/user17/6-3-1\n"}
,{"stream_name":"stdout","time":2548.257794146,"data":"timeline 47 path=HAU/user17/6-3-2\n"}
,{"stream_name":"stdout","time":2552.411219502,"data":"timeline 48 path=HAU/user17/6-3-3\n"}
,{"stream_name":"stdout","time":2556.471982065,"data":"timeline 49 path=HAU/user22/1-2-1\n"}
,{"stream_name":"stdout","time":2560.506923201,"data":"timeline 50 path=HAU/user22/1-2-2\n"}
,{"stream_name":"stdout","time":2564.653527982,"data":"timeline 51 path=HAU/user22/1-2-3\n"}
,{"stream_name":"stdout","time":2569.004443712,"data":"timeline 52 path=HAU/user22/2-1-1\n"}
,{"stream_name":"stdout","time":2573.403300179,"data":"timeline 53 path=HAU/user22/2-1-2\n"}
,{"stream_name":"stdout","time":2577.770336142,"data":"timeline 54 path=HAU/user22/2-1-3\n"}
,{"stream_name":"stdout","time":2582.370463128,"data":"timeline 55 path=HAU/user22/2-2-1\n"}
,{"stream_name":"stdout","time":2586.92346549,"data":"timeline 56 path=HAU/user22/2-2-2\n"}
,{"stream_name":"stdout","time":2591.531222477,"data":"timeline 57 path=HAU/user22/2-2-3\n"}
,{"stream_name":"stdout","time":2595.574118471,"data":"timeline 58 path=HAU/user22/5-2-1\n"}
,{"stream_name":"stdout","time":2599.605050792,"data":"timeline 59 path=HAU/user22/5-2-2\n"}
,{"stream_name":"stdout","time":2603.652656551,"data":"timeline 60 path=HAU/user22/5-2-3\n"}
,{"stream_name":"stdout","time":2607.760000038,"data":"timeline 61 path=HAU/user22/6-2-1\n"}
,{"stream_name":"stdout","time":2611.872480484,"data":"timeline 62 path=HAU/user22/6-2-2\n"}
,{"stream_name":"stdout","time":2615.947191015,"data":"timeline 63 path=HAU/user22/6-2-3\n"}
,{"stream_name":"stdout","time":2620.039875735,"data":"timeline 64 path=HAU/user22/7-2-1\n"}
,{"stream_name":"stdout","time":2624.212328577,"data":"timeline 65 path=HAU/user22/7-2-2\n"}
,{"stream_name":"stdout","time":2628.296396287,"data":"timeline 66 path=HAU/user22/7-2-3\n"}
,{"stream_name":"stdout","time":2628.303774235,"data":"{\n"}
,{"stream_name":"stdout","time":2628.303789747,"data":"  \"model\": \"MCG-NJU/videomae-base-finetuned-kinetics\",\n"}
,{"stream_name":"stdout","time":2628.303794836,"data":"  \"fold\": 0,\n"}
,{"stream_name":"stdout","time":2628.303809249,"data":"  \"hold_users\": [\n"}
,{"stream_name":"stdout","time":2628.303826015,"data":"    \"user17\",\n"}
,{"stream_name":"stdout","time":2628.303829292,"data":"    \"user22\",\n"}
,{"stream_name":"stdout","time":2628.30383233,"data":"    \"user4\",\n"}
,{"stream_name":"stdout","time":2628.303835369,"data":"    \"user6\"\n"}
,{"stream_name":"stdout","time":2628.303838466,"data":"  ],\n"}
,{"stream_name":"stdout","time":2628.303841461,"data":"  \"train_items\": 2772,\n"}
,{"stream_name":"stdout","time":2628.303844687,"data":"  \"valid_segments\": 692,\n"}
,{"stream_name":"stdout","time":2628.303847809,"data":"  \"held_segment_correct\": 361,\n"}
,{"stream_name":"stdout","time":2628.303851223,"data":"  \"held_segment_accuracy\": 0.5216763005780347,\n"}
,{"stream_name":"stdout","time":2628.303854274,"data":"  \"harn_mc_n\": 87,\n"}
,{"stream_name":"stdout","time":2628.303857396,"data":"  \"harn_mc_correct\": 83,\n"}
,{"stream_name":"stdout","time":2628.303860531,"data":"  \"harn_mc_accuracy\": 0.9540229885057471,\n"}
,{"stream_name":"stdout","time":2628.303863673,"data":"  \"sequence_n\": 66,\n"}
,{"stream_name":"stdout","time":2628.303866699,"data":"  \"sequence_correct\": 39,\n"}
,{"stream_name":"stdout","time":2628.30387086,"data":"  \"sequence_accuracy\": 0.5909090909090909,\n"}
,{"stream_name":"stdout","time":2628.303873999,"data":"  \"frames_per_window\": 16,\n"}
,{"stream_name":"stdout","time":2628.303877095,"data":"  \"timeline_windows\": 24,\n"}
,{"stream_name":"stdout","time":2628.303880247,"data":"  \"epochs\": 3,\n"}
,{"stream_name":"stdout","time":2628.303883338,"data":"  \"unfrozen_blocks\": 2\n"}
,{"stream_name":"stdout","time":2628.303886366,"data":"}\n"}
,{"stream_name":"stderr","time":2632.370899183,"data":"/usr/local/lib/python3.12/dist-packages/mistune.py:435: SyntaxWarning: invalid escape sequence '\\|'\n"}
,{"stream_name":"stderr","time":2632.370931197,"data":"  cells[i][c] = re.sub('\\\\\\\\\\|', '|', cell)\n"}
,{"stream_name":"stderr","time":2632.588012387,"data":"/usr/local/lib/python3.12/dist-packages/nbconvert/filters/filter_links.py:36: SyntaxWarning: invalid escape sequence '\\_'\n"}
,{"stream_name":"stderr","time":2632.588041499,"data":"  text = re.sub(r'_', '\\_', text) # Escape underscores in display text\n"}
,{"stream_name":"stderr","time":2633.265775857,"data":"[NbConvertApp] Converting notebook __script__.ipynb to html\n"}
,{"stream_name":"stderr","time":2634.190958145,"data":"[NbConvertApp] Writing 392597 bytes to __results__.html\n"}
]