fold 0: held=user4,user17,user22,user6 hypotheses=1092 features=256 cross-group-pairs=546
fold 1: held=user21,user1,user24,user16 hypotheses=1112 features=256 cross-group-pairs=556
fold 2: held=user7,user8,user20,user18 hypotheses=1126 features=256 cross-group-pairs=563
fold 3: held=user9,user5,user3 hypotheses=1180 features=256 cross-group-pairs=590
fold 4: held=user2,user23,user19 hypotheses=1154 features=256 cross-group-pairs=577
ordinary fold 0: visible Emotion=184 inferred blocks=62
ordinary fold 1: visible Emotion=171 inferred blocks=57
ordinary fold 2: visible Emotion=172 inferred blocks=58
ordinary fold 3: visible Emotion=132 inferred blocks=44
ordinary fold 4: visible Emotion=150 inferred blocks=51
pair_thinned fold 0: visible Emotion=159 inferred blocks=62
pair_thinned fold 1: visible Emotion=150 inferred blocks=57
pair_thinned fold 2: visible Emotion=156 inferred blocks=58
pair_thinned fold 3: visible Emotion=116 inferred blocks=44
pair_thinned fold 4: visible Emotion=137 inferred blocks=51

=== orientation diagnostic (gold used only after scoring) ===
      regime  head  fold  k  same_true_session   n  correct  accuracy
    ordinary ridge     0  2                  1   2        2  1.000000
    ordinary ridge     0  3                  1 160      147  0.918750
    ordinary ridge     1  3                  1 152      136  0.894737
    ordinary ridge     2  2                  1   2        2  1.000000
    ordinary ridge     2  3                  1 143      108  0.755245
    ordinary ridge     3  3                  1 118      105  0.889831
    ordinary ridge     4  2                  1   3        2  0.666667
    ordinary ridge     4  3                  0   1        0  0.000000
    ordinary ridge     4  3                  1 126      107  0.849206
    ordinary  tree     0  2                  1   2        2  1.000000
    ordinary  tree     0  3                  1 160      151  0.943750
    ordinary  tree     1  3                  1 152      144  0.947368
    ordinary  tree     2  2                  1   2        2  1.000000
    ordinary  tree     2  3                  1 143      130  0.909091
    ordinary  tree     3  3                  1 118      110  0.932203
    ordinary  tree     4  2                  1   3        3  1.000000
    ordinary  tree     4  3                  0   1        1  1.000000
    ordinary  tree     4  3                  1 126      115  0.912698
pair_thinned ridge     0  2                  1  25       24  0.960000
pair_thinned ridge     0  3                  1  92       84  0.913043
pair_thinned ridge     1  2                  1  20       18  0.900000
pair_thinned ridge     1  3                  0   2        0  0.000000
pair_thinned ridge     1  3                  1  94       86  0.914894
pair_thinned ridge     2  2                  1  13        8  0.615385
pair_thinned ridge     2  3                  1 102       77  0.754902
pair_thinned ridge     3  2                  1  15       14  0.933333
pair_thinned ridge     3  3                  1  77       66  0.857143
pair_thinned ridge     4  2                  1  14       11  0.785714
pair_thinned ridge     4  3                  0   1        0  0.000000
pair_thinned ridge     4  3                  1  90       76  0.844444
pair_thinned  tree     0  2                  1  25       25  1.000000
pair_thinned  tree     0  3                  1  92       85  0.923913
pair_thinned  tree     1  2                  1  20       18  0.900000
pair_thinned  tree     1  3                  0   2        0  0.000000
pair_thinned  tree     1  3                  1  94       89  0.946809
pair_thinned  tree     2  2                  1  13       10  0.769231
pair_thinned  tree     2  3                  1 102       93  0.911765
pair_thinned  tree     3  2                  1  15       15  1.000000
pair_thinned  tree     3  3                  1  77       70  0.909091
pair_thinned  tree     4  2                  1  14       11  0.785714
pair_thinned  tree     4  3                  0   1        1  1.000000
pair_thinned  tree     4  3                  1  90       84  0.933333

=== direct flip audit versus frozen baselines ===
      regime  head  threshold  selected_pairs  flips  W_to_R  R_to_W  wrong_to_wrong  right_to_right  flip_precision  net
    ordinary ridge        0.0              84    168      17     144               7               0        0.105590 -127
    ordinary ridge        0.5              76    152      17     128               7               0        0.117241 -111
    ordinary ridge        1.0              76    152      17     128               7               0        0.117241 -111
    ordinary ridge        1.5              76    152      17     128               7               0        0.117241 -111
    ordinary ridge        2.0              76    152      17     128               7               0        0.117241 -111
    ordinary ridge        3.0              39     78       2      72               4               0        0.027027  -70
    ordinary ridge        4.0              15     30       0      27               3               0        0.000000  -27
    ordinary  tree        0.0              42     84      18      64               2               0        0.219512  -46
    ordinary  tree        0.5              33     66      18      46               2               0        0.281250  -28
    ordinary  tree        1.0              30     60      16      42               2               0        0.275862  -26
    ordinary  tree        1.5              26     52      14      36               2               0        0.280000  -22
    ordinary  tree        2.0              26     52      14      36               2               0        0.280000  -22
    ordinary  tree        3.0              22     44      10      32               2               0        0.238095  -22
    ordinary  tree        4.0              18     36       9      26               1               0        0.257143  -17
pair_thinned ridge        0.0              63    126      13     106               7               0        0.109244  -93
pair_thinned ridge        0.5              55    110      13      90               7               0        0.126214  -77
pair_thinned ridge        1.0              55    110      13      90               7               0        0.126214  -77
pair_thinned ridge        1.5              55    110      13      90               7               0        0.126214  -77
pair_thinned ridge        2.0              55    110      13      90               7               0        0.126214  -77
pair_thinned ridge        3.0              31     62       2      56               4               0        0.034483  -54
pair_thinned ridge        4.0              13     26       0      23               3               0        0.000000  -23
pair_thinned  tree        0.0              30     60      13      46               1               0        0.220339  -33
pair_thinned  tree        0.5              21     42      13      28               1               0        0.317073  -15
pair_thinned  tree        1.0              19     38      11      26               1               0        0.297297  -15
pair_thinned  tree        1.5              14     28       9      18               1               0        0.333333   -9
pair_thinned  tree        2.0              14     28       9      18               1               0        0.333333   -9
pair_thinned  tree        3.0              10     20       5      14               1               0        0.263158   -9
pair_thinned  tree        4.0               8     16       4      12               0               0        0.250000   -8

Wrote isolated artifacts to /Users/toheeb.ogunade/Workspace/cuchx-large/research/dino_temporal_style_probe_20260904/results
